<?xml version="1.0" encoding="UTF-8"?>
<testsuites name="Mocha Tests" time="0.0010" tests="3" failures="0">
  <testsuite name="Root Suite" timestamp="2021-01-13T06:13:04" tests="0" time="0.0000" failures="0">
  </testsuite>
  <testsuite name="add()" timestamp="2021-01-13T06:13:04" tests="3" file="/Users/siphong/Desktop/jera_jenkins/jera_docker/projects/test/test.js" time="0.0010" failures="0">
    <testcase name="add() correctly adds 2 args" time="0.0010" classname="correctly adds 2 args">
    </testcase>
    <testcase name="add() correctly adds 3 args" time="0.0000" classname="correctly adds 3 args">
    </testcase>
    <testcase name="add() correctly adds 4 args" time="0.0000" classname="correctly adds 4 args">
    </testcase>
  </testsuite>
</testsuites>